[    0.000000] Linux version 4.15.0-70-generic (buildd@lgw01-amd64-055) (gcc version 7.4.0 (Ubuntu 7.4.0-1ubuntu1~18.04.1)) #79-Ubuntu SMP Tue Nov 12 10:36:11 UTC 2019 (Ubuntu 4.15.0-70.79-generic 4.15.18)
[    0.000000] Command line: BOOT_IMAGE=/boot/vmlinuz-4.15.0-70-generic root=LABEL=cloudimg-rootfs ro console=tty1 console=ttyS0
[    0.000000] KERNEL supported cpus:
[    0.000000]   Intel GenuineIntel
[    0.000000]   AMD AuthenticAMD
[    0.000000]   Centaur CentaurHauls
[    0.000000] [Firmware Bug]: TSC doesn't count with P0 frequency!
[    0.000000] random: get_random_u32 called from bsp_init_amd+0x207/0x2c0 with crng_init=0
[    0.000000] x86/fpu: Supporting XSAVE feature 0x001: 'x87 floating point registers'
[    0.000000] x86/fpu: Supporting XSAVE feature 0x002: 'SSE registers'
[    0.000000] x86/fpu: Supporting XSAVE feature 0x004: 'AVX registers'
[    0.000000] x86/fpu: xstate_offset[2]:  576, xstate_sizes[2]:  256
[    0.000000] x86/fpu: Enabled xstate features 0x7, context size is 832 bytes, using 'standard' format.
[    0.000000] e820: BIOS-provided physical RAM map:
[    0.000000] BIOS-e820: [mem 0x0000000000000000-0x000000000009fbff] usable
[    0.000000] BIOS-e820: [mem 0x000000000009fc00-0x000000000009ffff] reserved
[    0.000000] BIOS-e820: [mem 0x00000000000f0000-0x00000000000fffff] reserved
[    0.000000] BIOS-e820: [mem 0x0000000000100000-0x000000003ffeffff] usable
[    0.000000] BIOS-e820: [mem 0x000000003fff0000-0x000000003fffffff] ACPI data
[    0.000000] BIOS-e820: [mem 0x00000000fec00000-0x00000000fec00fff] reserved
[    0.000000] BIOS-e820: [mem 0x00000000fee00000-0x00000000fee00fff] reserved
[    0.000000] BIOS-e820: [mem 0x00000000fffc0000-0x00000000ffffffff] reserved
[    0.000000] NX (Execute Disable) protection: active
[    0.000000] SMBIOS 2.5 present.
[    0.000000] DMI: innotek GmbH VirtualBox/VirtualBox, BIOS VirtualBox 12/01/2006
[    0.000000] Hypervisor detected: KVM
[    0.000000] e820: last_pfn = 0x3fff0 max_arch_pfn = 0x400000000
[    0.000000] MTRR: Disabled
[    0.000000] x86/PAT: MTRRs disabled, skipping PAT initialization too.
[    0.000000] CPU MTRRs all blank - virtualized system.
[    0.000000] x86/PAT: Configuration [0-7]: WB  WT  UC- UC  WB  WT  UC- UC  
[    0.000000] found SMP MP-table at [mem 0x0009fff0-0x0009ffff]
[    0.000000] Scanning 1 areas for low memory corruption
[    0.000000] RAMDISK: [mem 0x35977000-0x36cb2fff]
[    0.000000] ACPI: Early table checksum verification disabled
[    0.000000] ACPI: RSDP 0x00000000000E0000 000024 (v02 VBOX  )
[    0.000000] ACPI: XSDT 0x000000003FFF0030 00003C (v01 VBOX   VBOXXSDT 00000001 ASL  00000061)
[    0.000000] ACPI: FACP 0x000000003FFF00F0 0000F4 (v04 VBOX   VBOXFACP 00000001 ASL  00000061)
[    0.000000] ACPI: DSDT 0x000000003FFF0470 0022EA (v02 VBOX   VBOXBIOS 00000002 INTL 20100528)
[    0.000000] ACPI: FACS 0x000000003FFF0200 000040
[    0.000000] ACPI: FACS 0x000000003FFF0200 000040
[    0.000000] ACPI: APIC 0x000000003FFF0240 00005C (v02 VBOX   VBOXAPIC 00000001 ASL  00000061)
[    0.000000] ACPI: SSDT 0x000000003FFF02A0 0001CC (v01 VBOX   VBOXCPUT 00000002 INTL 20100528)
[    0.000000] No NUMA configuration found
[    0.000000] Faking a node at [mem 0x0000000000000000-0x000000003ffeffff]
[    0.000000] NODE_DATA(0) allocated [mem 0x3ffc5000-0x3ffeffff]
[    0.000000] kvm-clock: cpu 0, msr 0:3ff44001, primary cpu clock
[    0.000000] kvm-clock: Using msrs 4b564d01 and 4b564d00
[    0.000000] kvm-clock: using sched offset of 4494389109 cycles
[    0.000000] clocksource: kvm-clock: mask: 0xffffffffffffffff max_cycles: 0x1cd42e4dffb, max_idle_ns: 881590591483 ns
[    0.000000] Zone ranges:
[    0.000000]   DMA      [mem 0x0000000000001000-0x0000000000ffffff]
[    0.000000]   DMA32    [mem 0x0000000001000000-0x000000003ffeffff]
[    0.000000]   Normal   empty
[    0.000000]   Device   empty
[    0.000000] Movable zone start for each node
[    0.000000] Early memory node ranges
[    0.000000]   node   0: [mem 0x0000000000001000-0x000000000009efff]
[    0.000000]   node   0: [mem 0x0000000000100000-0x000000003ffeffff]
[    0.000000] Reserved but unavailable: 98 pages
[    0.000000] Initmem setup node 0 [mem 0x0000000000001000-0x000000003ffeffff]
[    0.000000] ACPI: PM-Timer IO Port: 0x4008
[    0.000000] IOAPIC[0]: apic_id 2, version 32, address 0xfec00000, GSI 0-23
[    0.000000] ACPI: INT_SRC_OVR (bus 0 bus_irq 0 global_irq 2 dfl dfl)
[    0.000000] ACPI: INT_SRC_OVR (bus 0 bus_irq 9 global_irq 9 low level)
[    0.000000] Using ACPI (MADT) for SMP configuration information
[    0.000000] smpboot: Allowing 2 CPUs, 0 hotplug CPUs
[    0.000000] PM: Registered nosave memory: [mem 0x00000000-0x00000fff]
[    0.000000] PM: Registered nosave memory: [mem 0x0009f000-0x0009ffff]
[    0.000000] PM: Registered nosave memory: [mem 0x000a0000-0x000effff]
[    0.000000] PM: Registered nosave memory: [mem 0x000f0000-0x000fffff]
[    0.000000] e820: [mem 0x40000000-0xfebfffff] available for PCI devices
[    0.000000] Booting paravirtualized kernel on KVM
[    0.000000] clocksource: refined-jiffies: mask: 0xffffffff max_cycles: 0xffffffff, max_idle_ns: 7645519600211568 ns
[    0.000000] setup_percpu: NR_CPUS:8192 nr_cpumask_bits:2 nr_cpu_ids:2 nr_node_ids:1
[    0.000000] percpu: Embedded 45 pages/cpu s147456 r8192 d28672 u1048576
[    0.000000] PV qspinlock hash table entries: 256 (order: 0, 4096 bytes)
[    0.000000] Built 1 zonelists, mobility grouping on.  Total pages: 257913
[    0.000000] Policy zone: DMA32
[    0.000000] Kernel command line: BOOT_IMAGE=/boot/vmlinuz-4.15.0-70-generic root=LABEL=cloudimg-rootfs ro console=tty1 console=ttyS0
[    0.000000] Memory: 982892K/1048120K available (12300K kernel code, 2481K rwdata, 4264K rodata, 2432K init, 2388K bss, 65228K reserved, 0K cma-reserved)
[    0.000000] SLUB: HWalign=64, Order=0-3, MinObjects=0, CPUs=2, Nodes=1
[    0.000000] ftrace: allocating 39315 entries in 154 pages
[    0.004000] Hierarchical RCU implementation.
[    0.004000] 	RCU restricting CPUs from NR_CPUS=8192 to nr_cpu_ids=2.
[    0.004000] 	Tasks RCU enabled.
[    0.004000] RCU: Adjusting geometry for rcu_fanout_leaf=16, nr_cpu_ids=2
[    0.004000] NR_IRQS: 524544, nr_irqs: 440, preallocated irqs: 16
[    0.004000] Console: colour VGA+ 80x25
[    0.004000] console [tty1] enabled
[    0.004000] console [ttyS0] enabled
[    0.004000] ACPI: Core revision 20170831
[    0.004000] ACPI: 2 ACPI AML tables successfully acquired and loaded
[    0.004000] APIC: Switch to symmetric I/O mode setup
[    0.004000] x2apic enabled
[    0.004000] Switched APIC routing to physical x2apic.
[    0.004000] ..TIMER: vector=0x30 apic1=0 pin1=2 apic2=-1 pin2=-1
[    0.004000] tsc: Detected 1896.458 MHz processor
[    0.004000] Calibrating delay loop (skipped) preset value.. 3792.91 BogoMIPS (lpj=7585832)
[    0.004000] pid_max: default: 32768 minimum: 301
[    0.004000] Security Framework initialized
[    0.004000] Yama: becoming mindful.
[    0.004000] AppArmor: AppArmor initialized
[    0.008153] Dentry cache hash table entries: 131072 (order: 8, 1048576 bytes)
[    0.010547] Inode-cache hash table entries: 65536 (order: 7, 524288 bytes)
[    0.012021] Mount-cache hash table entries: 2048 (order: 2, 16384 bytes)
[    0.016009] Mountpoint-cache hash table entries: 2048 (order: 2, 16384 bytes)
[    0.018541] Last level iTLB entries: 4KB 512, 2MB 1024, 4MB 512
[    0.020002] Last level dTLB entries: 4KB 1024, 2MB 1024, 4MB 512, 1GB 0
[    0.022482] Spectre V1 : Mitigation: usercopy/swapgs barriers and __user pointer sanitization
[    0.024014] Spectre V2 : Spectre mitigation: LFENCE not serializing, switching to generic retpoline
[    0.028009] Spectre V2 : Mitigation: Full generic retpoline
[    0.032002] Spectre V2 : Spectre v2 / SpectreRSB mitigation: Filling RSB on context switch
[    0.036004] Speculative Store Bypass: Mitigation: Speculative Store Bypass disabled via prctl and seccomp
[    0.040351] Freeing SMP alternatives memory: 36K
[    0.163076] smpboot: CPU0: AMD A10-7300 Radeon R6, 10 Compute Cores 4C+6G (family: 0x15, model: 0x30, stepping: 0x1)
[    0.164000] Performance Events: PMU not available due to virtualization, using software events only.
[    0.164076] Hierarchical SRCU implementation.
[    0.168333] NMI watchdog: Perf event create on CPU 0 failed with -2
[    0.170460] NMI watchdog: Perf NMI watchdog permanently disabled
[    0.172093] smp: Bringing up secondary CPUs ...
[    0.173927] x86: Booting SMP configuration:
[    0.176003] .... node  #0, CPUs:      #1
[    0.004000] kvm-clock: cpu 1, msr 0:3ff44041, secondary cpu clock
[    0.180065] smp: Brought up 1 node, 2 CPUs
[    0.181799] smpboot: Max logical packages: 1
[    0.184009] smpboot: Total of 2 processors activated (7585.83 BogoMIPS)
[    0.186450] devtmpfs: initialized
[    0.186450] x86/mm: Memory block size: 128MB
[    0.188287] evm: security.selinux
[    0.189659] evm: security.SMACK64
[    0.190925] evm: security.SMACK64EXEC
[    0.192003] evm: security.SMACK64TRANSMUTE
[    0.193705] evm: security.SMACK64MMAP
[    0.195067] evm: security.apparmor
[    0.196002] evm: security.ima
[    0.197154] evm: security.capability
[    0.204059] clocksource: jiffies: mask: 0xffffffff max_cycles: 0xffffffff, max_idle_ns: 7645041785100000 ns
[    0.207888] futex hash table entries: 512 (order: 3, 32768 bytes)
[    0.208121] pinctrl core: initialized pinctrl subsystem
[    0.212167] RTC time:  1:42:00, date: 11/18/19
[    0.214404] NET: Registered protocol family 16
[    0.216156] audit: initializing netlink subsys (disabled)
[    0.218125] audit: type=2000 audit(1574041325.473:1): state=initialized audit_enabled=0 res=1
[    0.220020] cpuidle: using governor ladder
[    0.224016] cpuidle: using governor menu
[    0.225967] ACPI: bus type PCI registered
[    0.228005] acpiphp: ACPI Hot Plug PCI Controller Driver version: 0.5
[    0.230578] PCI: Using configuration type 1 for base access
[    0.232002] PCI: Using configuration type 1 for extended access
[    0.236457] HugeTLB registered 2.00 MiB page size, pre-allocated 0 pages
[    0.240215] ACPI: Added _OSI(Module Device)
[    0.241818] ACPI: Added _OSI(Processor Device)
[    0.241818] ACPI: Added _OSI(3.0 _SCP Extensions)
[    0.244014] ACPI: Added _OSI(Processor Aggregator Device)
[    0.244014] ACPI: Added _OSI(Linux-Dell-Video)
[    0.248002] ACPI: Added _OSI(Linux-Lenovo-NV-HDMI-Audio)
[    0.248009] ACPI: Added _OSI(Linux-HPI-Hybrid-Graphics)
[    0.252451] ACPI: Executed 1 blocks of module-level executable AML code
[    0.260353] ACPI: Interpreter enabled
[    0.261761] ACPI: (supports S0 S5)
[    0.263107] ACPI: Using IOAPIC for interrupt routing
[    0.264404] PCI: Using host bridge windows from ACPI; if necessary, use "pci=nocrs" and report a bug
[    0.268307] ACPI: Enabled 2 GPEs in block 00 to 07
[    0.281449] ACPI: PCI Root Bridge [PCI0] (domain 0000 [bus 00-ff])
[    0.288035] acpi PNP0A03:00: _OSC: OS supports [ExtendedConfig ASPM ClockPM Segments MSI]
[    0.292967] acpi PNP0A03:00: _OSC: platform does not support [PCIeCapability]
[    0.296000] acpi PNP0A03:00: _OSC: not requesting control; platform does not support [PCIeCapability]
[    0.300009] acpi PNP0A03:00: _OSC: OS requested [PCIeHotplug PME AER PCIeCapability]
[    0.304007] acpi PNP0A03:00: _OSC: platform willing to grant [PCIeHotplug PME AER]
[    0.304007] acpi PNP0A03:00: _OSC failed (AE_SUPPORT); disabling ASPM
[    0.308594] PCI host bridge to bus 0000:00
[    0.310211] pci_bus 0000:00: root bus resource [io  0x0000-0x0cf7 window]
[    0.312005] pci_bus 0000:00: root bus resource [io  0x0d00-0xffff window]
[    0.314534] pci_bus 0000:00: root bus resource [mem 0x000a0000-0x000bffff window]
[    0.316021] pci_bus 0000:00: root bus resource [mem 0x40000000-0xfdffffff window]
[    0.318663] pci_bus 0000:00: root bus resource [bus 00-ff]
[    0.326175] pci 0000:00:01.1: legacy IDE quirk: reg 0x10: [io  0x01f0-0x01f7]
[    0.328006] pci 0000:00:01.1: legacy IDE quirk: reg 0x14: [io  0x03f6]
[    0.330045] pci 0000:00:01.1: legacy IDE quirk: reg 0x18: [io  0x0170-0x0177]
[    0.332013] pci 0000:00:01.1: legacy IDE quirk: reg 0x1c: [io  0x0376]
[    0.368721] pci 0000:00:07.0: quirk: [io  0x4000-0x403f] claimed by PIIX4 ACPI
[    0.371225] pci 0000:00:07.0: quirk: [io  0x4100-0x410f] claimed by PIIX4 SMB
[    0.385012] ACPI: PCI Interrupt Link [LNKA] (IRQs 5 9 10 *11)
[    0.388147] ACPI: PCI Interrupt Link [LNKB] (IRQs 5 9 *10 11)
[    0.390217] ACPI: PCI Interrupt Link [LNKC] (IRQs 5 *9 10 11)
[    0.392186] ACPI: PCI Interrupt Link [LNKD] (IRQs 5 9 10 *11)
[    0.396002] SCSI subsystem initialized
[    0.400027] pci 0000:00:02.0: vgaarb: setting as boot VGA device
[    0.402048] pci 0000:00:02.0: vgaarb: VGA device added: decodes=io+mem,owns=io+mem,locks=none
[    0.404007] pci 0000:00:02.0: vgaarb: bridge control possible
[    0.404007] vgaarb: loaded
[    0.405136] ACPI: bus type USB registered
[    0.408025] usbcore: registered new interface driver usbfs
[    0.409923] usbcore: registered new interface driver hub
[    0.416040] usbcore: registered new device driver usb
[    0.418124] EDAC MC: Ver: 3.0.0
[    0.420097] PCI: Using ACPI for IRQ routing
[    0.421555] NetLabel: Initializing
[    0.421829] NetLabel:  domain hash size = 128
[    0.423381] NetLabel:  protocols = UNLABELED CIPSOv4 CALIPSO
[    0.424027] NetLabel:  unlabeled traffic allowed by default
[    0.428126] clocksource: Switched to clocksource kvm-clock
[    0.460866] VFS: Disk quotas dquot_6.6.0
[    0.462375] VFS: Dquot-cache hash table entries: 512 (order 0, 4096 bytes)
[    0.464690] AppArmor: AppArmor Filesystem Enabled
[    0.466253] pnp: PnP ACPI init
[    0.468938] pnp: PnP ACPI: found 3 devices
[    0.481616] clocksource: acpi_pm: mask: 0xffffff max_cycles: 0xffffff, max_idle_ns: 2085701024 ns
[    0.484501] NET: Registered protocol family 2
[    0.486187] TCP established hash table entries: 8192 (order: 4, 65536 bytes)
[    0.488311] TCP bind hash table entries: 8192 (order: 5, 131072 bytes)
[    0.494359] TCP: Hash tables configured (established 8192 bind 8192)
[    0.496763] UDP hash table entries: 512 (order: 2, 16384 bytes)
[    0.498835] UDP-Lite hash table entries: 512 (order: 2, 16384 bytes)
[    0.501253] NET: Registered protocol family 1
[    0.502975] pci 0000:00:00.0: Limiting direct PCI/PCI transfers
[    0.505073] pci 0000:00:01.0: Activating ISA DMA hang workarounds
[    0.507373] pci 0000:00:02.0: Video device with shadowed ROM at [mem 0x000c0000-0x000dffff]
[    0.510839] Unpacking initramfs...
[    1.097564] Freeing initrd memory: 19696K
[    1.099240] clocksource: tsc: mask: 0xffffffffffffffff max_cycles: 0x36ac33bbb49, max_idle_ns: 881590537405 ns
[    1.102467] platform rtc_cmos: registered platform RTC device (no PNP device found)
[    1.104582] Scanning for low memory corruption every 60 seconds
[    1.107247] Initialise system trusted keyrings
[    1.108557] Key type blacklist registered
[    1.109799] workingset: timestamp_bits=36 max_order=18 bucket_order=0
[    1.113064] zbud: loaded
[    1.114858] squashfs: version 4.0 (2009/01/31) Phillip Lougher
[    1.117159] fuse init (API version 7.26)
[    1.123160] Key type asymmetric registered
[    1.124308] Asymmetric key parser 'x509' registered
[    1.125950] Block layer SCSI generic (bsg) driver version 0.4 loaded (major 246)
[    1.128299] io scheduler noop registered
[    1.129600] io scheduler deadline registered
[    1.131291] io scheduler cfq registered (default)
[    1.133130] ACPI: AC Adapter [AC] (on-line)
[    1.134362] input: Power Button as /devices/LNXSYSTM:00/LNXPWRBN:00/input/input0
[    1.136845] ACPI: Power Button [PWRF]
[    1.138062] input: Sleep Button as /devices/LNXSYSTM:00/LNXSLPBN:00/input/input1
[    1.140215] ACPI: Sleep Button [SLPF]
[    1.142876] ACPI: Battery Slot [BAT0] (battery present)
[    1.144700] Serial: 8250/16550 driver, 32 ports, IRQ sharing enabled
[    1.167686] 00:02: ttyS0 at I/O 0x3f8 (irq = 4, base_baud = 115200) is a 16550A
[    1.173759] Linux agpgart interface v0.103
[    1.181974] loop: module loaded
[    1.183761] scsi host0: ata_piix
[    1.185109] scsi host1: ata_piix
[    1.186194] ata1: PATA max UDMA/33 cmd 0x1f0 ctl 0x3f6 bmdma 0xd000 irq 14
[    1.188114] ata2: PATA max UDMA/33 cmd 0x170 ctl 0x376 bmdma 0xd008 irq 15
[    1.190608] libphy: Fixed MDIO Bus: probed
[    1.191848] tun: Universal TUN/TAP device driver, 1.6
[    1.193523] PPP generic driver version 2.4.2
[    1.194836] ehci_hcd: USB 2.0 'Enhanced' Host Controller (EHCI) Driver
[    1.196790] ehci-pci: EHCI PCI platform driver
[    1.198334] ehci-platform: EHCI generic platform driver
[    1.199818] ohci_hcd: USB 1.1 'Open' Host Controller (OHCI) Driver
[    1.201819] ohci-pci: OHCI PCI platform driver
[    1.203149] ohci-platform: OHCI generic platform driver
[    1.204782] uhci_hcd: USB Universal Host Controller Interface driver
[    1.207053] i8042: PNP: PS/2 Controller [PNP0303:PS2K,PNP0f03:PS2M] at 0x60,0x64 irq 1,12
[    1.210859] serio: i8042 KBD port at 0x60,0x64 irq 1
[    1.212567] serio: i8042 AUX port at 0x60,0x64 irq 12
[    1.214644] mousedev: PS/2 mouse device common for all mice
[    1.217437] input: AT Translated Set 2 keyboard as /devices/platform/i8042/serio0/input/input2
[    1.220507] rtc_cmos rtc_cmos: rtc core: registered rtc_cmos as rtc0
[    1.223158] rtc_cmos rtc_cmos: alarms up to one day, 114 bytes nvram
[    1.225500] i2c /dev entries driver
[    1.226996] device-mapper: uevent: version 1.0.3
[    1.228919] device-mapper: ioctl: 4.37.0-ioctl (2017-09-20) initialised: dm-devel@redhat.com
[    1.232072] ledtrig-cpu: registered to indicate activity on CPUs
[    1.235079] x86/pm: family 0x15 cpu detected, MSR saving is needed during suspending.
[    1.238438] NET: Registered protocol family 10
[    1.246330] Segment Routing with IPv6
[    1.247917] NET: Registered protocol family 17
[    1.249556] Key type dns_resolver registered
[    1.251361] mce: Using 0 MCE banks
[    1.252652] RAS: Correctable Errors collector initialized.
[    1.254342] sched_clock: Marking stable (1252618817, 0)->(1569298212, -316679395)
[    1.257321] registered taskstats version 1
[    1.258827] Loading compiled-in X.509 certificates
[    1.264606] Loaded X.509 cert 'Build time autogenerated kernel key: 1859b0531897959199376c446a0bd70df75fd1fc'
[    1.267849] zswap: loaded using pool lzo/zbud
[    1.276135] Key type big_key registered
[    1.277665] Key type trusted registered
[    1.284736] Key type encrypted registered
[    1.286275] AppArmor: AppArmor sha1 policy hashing enabled
[    1.289047] ima: No TPM chip found, activating TPM-bypass! (rc=-19)
[    1.291770] ima: Allocated hash algorithm: sha1
[    1.293638] evm: HMAC attrs: 0x1
[    1.295296]   Magic number: 11:171:711
[    1.297051] rtc_cmos rtc_cmos: setting system clock to 2019-11-18 01:42:01 UTC (1574041321)
[    1.301279] BIOS EDD facility v0.16 2004-Jun-25, 0 devices found
[    1.303420] EDD information not available.
[    1.356342] Freeing unused kernel image memory: 2432K
[    1.372538] Write protecting the kernel read-only data: 20480k
[    1.378757] Freeing unused kernel image memory: 2008K
[    1.383536] Freeing unused kernel image memory: 1880K
[    1.413806] x86/mm: Checked W+X mappings: passed, no W+X pages found.
Loading, please wait...
starting version 237
[    1.513738] e1000: Intel(R) PRO/1000 Network Driver - version 7.3.21-k8-NAPI
[    1.516074] e1000: Copyright (c) 1999-2006 Intel Corporation.
[    1.522867] Fusion MPT base driver 3.04.20
[    1.524494] Copyright (c) 1999-2008 LSI Corporation
[    1.551907] Fusion MPT SPI Host driver 3.04.20
[    1.582615] vboxvideo: loading out-of-tree module taints kernel.
[    1.585702] vboxvideo: module verification failed: signature and/or required key missing - tainting kernel
[    1.594511] AVX version of gcm_enc/dec engaged.
[    1.596208] AES CTR mode by8 optimization enabled
[    1.755756] input: ImExPS/2 Generic Explorer Mouse as /devices/platform/i8042/serio1/input/input4
[    2.011314] e1000 0000:00:03.0 eth0: (PCI:33MHz:32-bit) 02:51:75:a4:93:2b
[    2.016399] e1000 0000:00:03.0 eth0: Intel(R) PRO/1000 Network Connection
[    2.021909] e1000 0000:00:03.0 enp0s3: renamed from eth0
[    2.025321] mptbase: ioc0: Initiating bringup
[    2.127644] ioc0: LSI53C1030 A0: Capabilities={Initiator}
[    3.149860] scsi host2: ioc0: LSI53C1030 A0, FwRev=00000000h, Ports=1, MaxQ=256, IRQ=20
[    3.321103] scsi 2:0:0:0: Direct-Access     VBOX     HARDDISK         1.0  PQ: 0 ANSI: 5
[    3.322631] [drm] VRAM 01000000
[    3.325490] [TTM] Zone  kernel: Available graphics memory: 504472 kiB
[    3.327467] [TTM] Initializing pool allocator
[    3.329032] [TTM] Initializing DMA pool allocator
[    3.359499] fbcon: vboxdrmfb (fb0) is primary device
[    3.408956] Console: switching to colour frame buffer device 100x37
[    3.416050] scsi target2:0:0: Beginning Domain Validation
[    3.422138] scsi target2:0:0: Domain Validation skipping write tests
[    3.422140] scsi target2:0:0: Ending Domain Validation
[    3.422406] scsi target2:0:0: asynchronous
[    3.424445] scsi 2:0:1:0: Direct-Access     VBOX     HARDDISK         1.0  PQ: 0 ANSI: 5
[    3.472723] vboxvideo 0000:00:02.0: fb0: vboxdrmfb frame buffer device
[    3.488378] [drm] Initialized vboxvideo 1.0.0 20130823 for 0000:00:02.0 on minor 0
[    3.496372] scsi target2:0:1: Beginning Domain Validation
[    3.499894] random: fast init done
[    3.502190] scsi target2:0:1: Domain Validation skipping write tests
[    3.504954] scsi target2:0:1: Ending Domain Validation
[    3.519473] scsi target2:0:1: asynchronous
[    3.536488] random: systemd-udevd: uninitialized urandom read (16 bytes read)
[    3.544749] sd 2:0:0:0: Attached scsi generic sg0 type 0
[    3.551580] sd 2:0:0:0: [sda] 20971520 512-byte logical blocks: (10.7 GB/10.0 GiB)
[    3.566317] sd 2:0:1:0: Attached scsi generic sg1 type 0
[    3.582859] random: systemd-udevd: uninitialized urandom read (16 bytes read)
[    3.619912] random: systemd-udevd: uninitialized urandom read (16 bytes read)
[    3.619936] sd 2:0:0:0: [sda] Write Protect is off
[    3.655209] sd 2:0:1:0: [sdb] 20480 512-byte logical blocks: (10.5 MB/10.0 MiB)
[    3.655562] sd 2:0:0:0: [sda] Incomplete mode parameter data
[    3.700785] sd 2:0:0:0: [sda] Assuming drive cache: write through
[    3.723896] sd 2:0:1:0: [sdb] Write Protect is off
[    3.747998] sd 2:0:1:0: [sdb] Incomplete mode parameter data
[    3.773049] sd 2:0:1:0: [sdb] Assuming drive cache: write through
[    3.802833]  sda: sda1
[    3.808899] sd 2:0:1:0: [sdb] Attached SCSI disk
[    3.845861] sd 2:0:0:0: [sda] Attached SCSI disk
Begin: Loading essential drivers ... [    4.184361] raid6: sse2x1   gen()  4673 MB/s
[    4.248356] raid6: sse2x1   xor()  3085 MB/s
[    4.320880] raid6: sse2x2   gen()  5360 MB/s
[    4.396431] raid6: sse2x2   xor()  3731 MB/s
[    4.472316] raid6: sse2x4   gen()  4090 MB/s
[    4.540347] raid6: sse2x4   xor()  3774 MB/s
[    4.567134] raid6: using algorithm sse2x2 gen() 5360 MB/s
[    4.594921] raid6: .... xor() 3731 MB/s, rmw enabled
[    4.623432] raid6: using ssse3x2 recovery algorithm
[    4.649793] xor: automatically using best checksumming function   avx       
[    4.680057] async_tx: api initialized (async)
done.
Begin: Running /scripts/init-premount ... done.
Begin: Mounting root file system ... Begin: Running /scripts/local-top ... done.
Begin: Running /scripts/local-premount ... [    4.776597] Btrfs loaded, crc32c=crc32c-intel
Scanning for Btrfs filesystems
done.
Warning: fsck not present, so skipping root file system
[    4.853617] EXT4-fs (sda1): mounted filesystem with ordered data mode. Opts: (null)
done.
Begin: Running /scripts/local-bottom ... done.
Begin: Running /scripts/init-bottom ... done.
[    5.229400] ip_tables: (C) 2000-2006 Netfilter Core Team
[    5.281102] systemd[1]: systemd 237 running in system mode. (+PAM +AUDIT +SELINUX +IMA +APPARMOR +SMACK +SYSVINIT +UTMP +LIBCRYPTSETUP +GCRYPT +GNUTLS +ACL +XZ +LZ4 +SECCOMP +BLKID +ELFUTILS +KMOD -IDN2 +IDN -PCRE2 default-hierarchy=hybrid)
[    5.350791] systemd[1]: Detected virtualization oracle.
[    5.373292] systemd[1]: Detected architecture x86-64.

Welcome to [1mUbuntu 18.04.3 LTS[0m!

[    5.404442] systemd[1]: Set hostname to <ubuntu-bionic>.
[    5.488052] systemd-fstab-generator[367]: Failed to create unit file /run/systemd/generator/swapdir-swapfile.swap, as it already exists. Duplicate entry in /etc/fstab?
[    5.620547] systemd[359]: /lib/systemd/system-generators/systemd-fstab-generator failed with exit status 1.
[    6.017947] systemd[1]: Created slice User and Session Slice.
[[0;32m  OK  [0m] Created slice User and Session Slice.
[    6.045165] systemd[1]: Created slice System Slice.
[[0;32m  OK  [0m] Created slice System Slice.
[    6.073673] systemd[1]: Listening on Syslog Socket.
[[0;32m  OK  [0m] Listening on Syslog Socket.
[    6.099814] systemd[1]: Listening on Device-mapper event daemon FIFOs.
[[0;32m  OK  [0m] Listening on Device-mapper event daemon FIFOs.
[    6.126297] systemd[1]: Listening on LVM2 poll daemon socket.
[[0;32m  OK  [0m] Listening on LVM2 poll daemon socket.
[[0;32m  OK  [0m] Listening on udev Control Socket.
[[0;32m  OK  [0m] Listening on LVM2 metadata daemon socket.
[[0;32m  OK  [0m] Set up automount Arbitrary Executabâ€¦rmats File System Automount Point.
[[0;32m  OK  [0m] Started Forward Password Requests to Wall Directory Watch.
[[0;32m  OK  [0m] Listening on udev Kernel Socket.
[[0;32m  OK  [0m] Listening on Journal Socket (/dev/log).
[[0;32m  OK  [0m] Listening on Journal Audit Socket.
[[0;32m  OK  [0m] Listening on Journal Socket.
         Starting Uncomplicated firewall...
         Mounting POSIX Message Queue File System...
         Starting Set the console keyboard layout...
         Starting udev Coldplug all Devices...
         Starting Load Kernel Modules...
         Mounting Kernel Debug File System...
         Mounting Huge Pages File System...
         Starting Create list of required stâ€¦ce nodes for the current kernel...
[[0;32m  OK  [0m] Created slice system-serial\x2dgetty.slice.
[[0;32m  OK  [0m] Reached target Slices.
[[0;32m  OK  [0m] Reached target System Time Synchronized.
         Starting Journal Service...
         Starting Remount Root and Kernel File Systems...
         Starting Monitoring of LVM2 mirrorsâ€¦ng dmeventd or progress polling...
[[0;32m  OK  [0m] Reached target User and Group Name Lookups.
[[0;32m  OK  [0m] Listening on /dev/initctl Compatibility Named Pipe.
[[0;32m  OK  [0m] Listening on Network Service Netlink Socket.
[[0;32m  OK  [0m] Started Uncomplicated firewall.
[[0;32m  OK  [0m] Mounted POSIX Message Queue File System.
[[0;32m  OK  [0m] Mounted Kernel Debug File System.
[[0;32m  OK  [0m] Mounted Huge Pages File System.
[[0;32m  OK  [0m] Started Create list of required staâ€¦vice nodes for the current kernel.
         Starting Create Static Device Nodes in /dev...
[[0;32m  OK  [0m] Started LVM2 metadata daemon.[    6.337894] EXT4-fs (sda1): re-mounted. Opts: (null)

[[0;32m  OK  [0m] Started udev Coldplug all Devices.
[[0;32m  OK  [0m] Started Remount Root and Kernel File Systems.
         Activating swap /swapdir/swapfile...
         Starting Load/Save Random Seed...
[[0;32m  OK  [0m] Started Journal Service.
[[0;32m  OK  [0m] Started Create Static Device Nodes in /dev.
         Starting udev Kernel Device Manager...
[    6.468983] Loading iSCSI transport class v2.0-870.
         Starting Flush Journal to Persistent Storage...
[[0;32m  OK  [0m] Started Monitoring of LVM2 mirrors,â€¦sing dmeventd or progress polling.
[[0;32m  OK  [0m] Started Load/Save Random Seed.
[    6.560056] systemd-journald[398]: Received request to flush runtime journal from PID 1
[    6.629072] iscsi: registered transport (tcp)
[[0;32m  OK  [0m] Started Set the console keyboard layout.
[[0;32m  OK  [0m] Reached target Local File Systems (Pre).
[[0;32m  OK  [0m] Reached target Local File Systems.
         Starting ebtables ruleset management...
         Starting AppArmor initialization...
         Starting Tell Plymouth To Write Out Runtime Data...
         Starting Set console font and keymap...
[[0;32m  OK  [0m] Started Tell Plymouth To Write Out Runtime Data.
[    6.787561] Adding 1999996k swap on /swapdir/swapfile.  Priority:-2 extents:5 across:2262140k FS
[[0;32m  OK  [0m] Started Set console font and keymap.
[[0;32m  OK  [0m] Activated swap /swapdir/swapfile.
[[0;32m  OK  [0m] Reached target Swap.
[[0;32m  OK  [0m] Started udev Kernel Device Manager.
[[0;32m  OK  [0m] Started Dispatch Password Requests to Console Directory Watch.
[[0;32m  OK  [0m] Reached target Local Encrypted Volumes.
[[0;32m  OK  [0m] Started Flush Journal to Persistent Storage.
         Starting Create Volatile Files and Directories...
[    7.080780] iscsi: registered transport (iser)
[[0;32m  OK  [0m[    7.137248] random: crng init done
[    7.170996] random: 7 urandom warning(s) missed due to ratelimiting
] Started Load Kernel Modules.
         Mounting Kernel Configuration File System...
         Starting Apply Kernel Variables...
         Mounting FUSE Control File System...
[[0;32m  OK  [0m] Started Create Volatile Files and Directories.
         Starting Update UTMP about System Boot/Shutdown...
[[0;32m  OK  [0m] Mounted Kernel Configuration File System.
[[0;32m  OK  [0m] Mounted FUSE Control File System.
[    7.275372] vgdrvHeartbeatInit: Setting up heartbeat to trigger every 2000 milliseconds
[[0;32m  OK  [0m] Started ebtables ruleset management.
[[0;32m  OK  [0m] Started Apply Kernel Variables.
[[0;32m  OK  [0m] Started Update UTMP about System Boot/Shutdown.
[[0;32m  OK  [0m] Found device /dev/ttyS0.
[[0;32m  OK  [0m] Listening on Load/Save RF Kill Switch Status /dev/rfkill Watch.
[[0;32m  OK  [0m] Started AppArmor initialization.
         Starting Initial cloud-init job (pre-networking)...
[    9.844125] cloud-init[539]: Cloud-init v. 19.2-36-g059d049c-0ubuntu2~18.04.1 running 'init-local' at Mon, 18 Nov 2019 01:42:09 +0000. Up 9.50 seconds.
[[0;32m  OK  [0m] Started Initial cloud-init job (pre-networking).
[[0;32m  OK  [0m] Reached target Network (Pre).
         Starting Network Service...
[[0;32m  OK  [0m] Started Network Service.
         Starting Network Name Resolution...
         Starting Wait for Network to be Configured...
[[0;32m  OK  [0m] Started Network Name Resolution.
[[0;32m  OK  [0m] Reached target Host and Network Name Lookups.
[[0;32m  OK  [0m] Reached target Network.
[[0;32m  OK  [0m] Started Wait for Network to be Configured.
         Starting Initial cloud-init job (metadata service crawler)...
[   12.514952] cloud-init[701]: Cloud-init v. 19.2-36-g059d049c-0ubuntu2~18.04.1 running 'init' at Mon, 18 Nov 2019 01:42:12 +0000. Up 12.11 seconds.
[   12.524194] cloud-init[701]: ci-info: ++++++++++++++++++++++++++++++++++++++Net device info++++++++++++++++++++++++++++++++++++++
[   12.529784] cloud-init[701]: ci-info: +--------+------+----------------------------+---------------+--------+-------------------+
[   12.537033] cloud-init[701]: ci-info: | Device |  Up  |          Address           |      Mask     | Scope  |     Hw-Address    |
[   12.541394] cloud-init[701]: ci-info: +--------+------+----------------------------+---------------+--------+-------------------+
[   12.546451] cloud-init[701]: ci-info: | enp0s3 | True |         10.0.2.15          | 255.255.255.0 | global | 02:51:75:a4:93:2b |
[   12.550935] cloud-init[701]: ci-info: | enp0s3 | True | fe80::51:75ff:fea4:932b/64 |       .       |  link  | 02:51:75:a4:93:2b |
[   12.556139] cloud-init[701]: ci-info: |   lo   | True |         127.0.0.1          |   255.0.0.0   |  host  |         .         |
[   12.560062] cloud-init[701]: ci-info: |   lo   | True |          ::1/128           |       .       |  host  |         .         |
[   12.563902] cloud-init[701]: ci-info: +--------+------+----------------------------+---------------+--------+-------------------+
[   12.567436] cloud-init[701]: ci-info: ++++++++++++++++++++++++++++Route IPv4 info+++++++++++++++++++++++++++++
[   12.570638] cloud-init[701]: ci-info: +-------+-------------+----------+-----------------+-----------+-------+
[   12.573611] cloud-init[701]: ci-info: | Route | Destination | Gateway  |     Genmask     | Interface | Flags |
[   12.577352] cloud-init[701]: ci-info: +-------+-------------+----------+-----------------+-----------+-------+
[   12.580658] cloud-init[701]: ci-info: |   0   |   0.0.0.0   | 10.0.2.2 |     0.0.0.0     |   enp0s3  |   UG  |
[   12.584150] cloud-init[701]: ci-info: |   1   |   10.0.2.0  | 0.0.0.0  |  255.255.255.0  |   enp0s3  |   U   |
[   12.587698] cloud-init[701]: ci-info: |   2   |   10.0.2.2  | 0.0.0.0  | 255.255.255.255 |   enp0s3  |   UH  |
[   12.591748] cloud-init[701]: ci-info: +-------+-------------+----------+-----------------+-----------+-------+
[   12.594927] cloud-init[701]: ci-info: +++++++++++++++++++Route IPv6 info+++++++++++++++++++
[   12.597694] cloud-init[701]: ci-info: +-------+-------------+---------+-----------+-------+
[   12.600750] cloud-init[701]: ci-info: | Route | Destination | Gateway | Interface | Flags |
[   12.603385] cloud-init[701]: ci-info: +-------+-------------+---------+-----------+-------+
[   12.606847] cloud-init[701]: ci-info: |   1   |  fe80::/64  |    ::   |   enp0s3  |   U   |
[   12.609847] cloud-init[701]: ci-info: |   3   |    local    |    ::   |   enp0s3  |   U   |
[   12.613342] cloud-init[701]: ci-info: |   4   |   ff00::/8  |    ::   |   enp0s3  |   U   |
[   12.616843] cloud-init[701]: ci-info: +-------+-------------+---------+-----------+-------+
[[0;32m  OK  [0m] Started Initial cloud-init job (metadata service crawler).
[[0;32m  OK  [0m] Reached target System Initialization.
[[0;32m  OK  [0m] Listening on ACPID Listen Socket.
[[0;32m  OK  [0m] Started Clean PHP session files every 30 mins.
         Starting LXD - unix socket.
[[0;32m  OK  [0m] Listening on UUID daemon activation socket.
         Starting Socket activation for snappy daemon.
[[0;32m  OK  [0m] Started Discard unused blocks once a week.
[[0;32m  OK  [0m] Started Daily Cleanup of Temporary Directories.
[[0;32m  OK  [0m] Listening on D-Bus System Message Bus Socket.
[[0;32m  OK  [0m] Started Message of the Day.
[[0;32m  OK  [0m] Started Daily apt download activities.
[[0;32m  OK  [0m] Started Daily apt upgrade and clean activities.
[[0;32m  OK  [0m] Listening on Open-iSCSI iscsid Socket.
[[0;32m  OK  [0m] Started ACPI Events Check.
[[0;32m  OK  [0m] Reached target Paths.
[[0;32m  OK  [0m] Reached target Timers.
[[0;32m  OK  [0m] Reached target Cloud-config availability.
[[0;32m  OK  [0m] Reached target Network is Online.
         Starting Availability of block devices...
[[0;32m  OK  [0m] Reached target Remote File Systems (Pre).
[[0;32m  OK  [0m] Reached target Remote File Systems.
[[0;32m  OK  [0m] Listening on LXD - unix socket.
[[0;32m  OK  [0m] Listening on Socket activation for snappy daemon.
[[0;32m  OK  [0m] Started Availability of block devices.
[[0;32m  OK  [0m] Reached target Sockets.
[[0;32m  OK  [0m] Reached target Basic System.
         Starting Permit User Sessions...
[[0;32m  OK  [0m] Started Deferred execution scheduler.
         Starting LSB: automatic crash report generation...
[[0;32m  OK  [0m] Started Regular background program processing daemon.
[[0;32m  OK  [0m] Started D-Bus System Message Bus.
         Starting LSB: Record successful boot for GRUB...
         Starting System Logging Service...
[[0;32m  OK  [0m] Started FUSE filesystem for LXC.
         Starting Dispatcher daemon for systemd-networkd...
         Starting Login Service...
[[0;32m  OK  [0m] Started irqbalance daemon.
         Starting OpenBSD Secure Shell server...
         Starting Accounts Service...
         Starting The Apache HTTP Server...
         Starting Snappy daemon...
         Starting vboxadd.service...
         Starting LXD - container startup/shutdown...
[[0;32m  OK  [0m] Started System Logging Service.
[[0;32m  OK  [0m] Started Permit User Sessions.
         Starting Hold until boot process finishes up...
         Starting Terminate Plymouth Boot Screen...
[[0;32m  OK  [0m] Started Hold until boot process finishes up.
         Starting Set console scheme...
[[0;32m  OK  [0m] Started Serial Getty on ttyS0.
[[0;32m  OK  [0m] Started Terminate Plymouth Boot Screen.
[[0;32m  OK  [0m] Started Login Service.
[[0;32m  OK  [0m] Started Unattended Upgrades Shutdown.
[[0;32m  OK  [0m] Started OpenBSD Secure Shell server.
[[0;32m  OK  [0m] Started Set console scheme.
[[0;32m  OK  [0m] Created slice system-getty.slice.
[[0;32m  OK  [0m] Started Getty on tty1.
[[0;32m  OK  [0m] Reached target Login Prompts.
         Starting Authorization Manager...
[[0;32m  OK  [0m] Started LSB: Record successful boot for GRUB.
[[0;32m  OK  [0m] Started LSB: automatic crash report generation.
[[0;32m  OK  [0m] Started Authorization Manager.
[[0;32m  OK  [0m] Started Accounts Service.
[[0;32m  OK  [0m] Created slice User Slice of vagrant.
         Starting User Manager for UID 1000...
[[0;32m  OK  [0m] Started Session 1 of user vagrant.
[[0;32m  OK  [0m] Started The Apache HTTP Server.
[[0;32m  OK  [0m] Started LXD - container startup/shutdown.
[[0;32m  OK  [0m] Started Dispatcher daemon for systemd-networkd.
[[0;32m  OK  [0m] Started Snappy daemon.
         Starting Wait until snapd is fully seeded...
[[0;32m  OK  [0m] Started User Manager for UID 1000.
[[0;32m  OK  [0m] Started Wait until snapd is fully seeded.
         Starting Apply the settings specified in cloud-config...
[   16.814058] cloud-init[1075]: Cloud-init v. 19.2-36-g059d049c-0ubuntu2~18.04.1 running 'modules:config' at Mon, 18 Nov 2019 01:42:16 +0000. Up 16.47 seconds.
[[0;32m  OK  [0m] Started Apply the settings specified in cloud-config.
[[0;32m  OK  [0m] Started vboxadd.service.
         Starting vboxadd-service.service...
[[0;32m  OK  [0m] Started vboxadd-service.service.
[[0;32m  OK  [0m] Reached target Multi-User System.
         Starting Execute cloud user/final scripts...
[[0;32m  OK  [0m] Reached target Graphical Interface.
         Starting Update UTMP about System Runlevel Changes...
[[0;32m  OK  [0m] Started Update UTMP about System Runlevel Changes.
[   19.136407] cloud-init[1250]: Cloud-init v. 19.2-36-g059d049c-0ubuntu2~18.04.1 running 'modules:final' at Mon, 18 Nov 2019 01:42:19 +0000. Up 18.93 seconds.
[   19.140138] cloud-init[1250]: Cloud-init v. 19.2-36-g059d049c-0ubuntu2~18.04.1 finished at Mon, 18 Nov 2019 01:42:19 +0000. Datasource DataSourceNoCloud [seed=/dev/sdb][dsmode=net].  Up 19.12 seconds

Ubuntu 18.04.3 LTS ubuntu-bionic ttyS0

ubuntu-bionic login: 